============================= test session starts =============================
platform win32 -- Python 3.8.10, pytest-7.4.4, pluggy-1.5.0
rootdir: C:\Users\Shuddhodhan\.gemini\antigravity\scratch\careerforge 2- Copy - Copy\careerforge
plugins: anyio-3.7.1, asyncio-0.23.3, base-url-2.1.0, playwright-0.5.2
asyncio: mode=strict
collected 63 items / 9 errors

=================================== ERRORS ====================================
_______________ ERROR collecting tests/test_analyzer_output.txt _______________
..\..\..\..\..\appdata\local\programs\python\python38\lib\pathlib.py:1237: in read_text
    return f.read()
..\..\..\..\..\appdata\local\programs\python\python38\lib\codecs.py:322: in decode
    (result, consumed) = self._buffer_decode(data, self.errors, final)
E   UnicodeDecodeError: 'utf-8' codec can't decode byte 0xff in position 0: invalid start byte
______________ ERROR collecting tests/test_analyzer_results.txt _______________
..\..\..\..\..\appdata\local\programs\python\python38\lib\pathlib.py:1237: in read_text
    return f.read()
..\..\..\..\..\appdata\local\programs\python\python38\lib\codecs.py:322: in decode
    (result, consumed) = self._buffer_decode(data, self.errors, final)
E   UnicodeDecodeError: 'utf-8' codec can't decode byte 0xff in position 0: invalid start byte
___________________ ERROR collecting tests/test_output.txt ____________________
..\..\..\..\..\appdata\local\programs\python\python38\lib\pathlib.py:1237: in read_text
    return f.read()
..\..\..\..\..\appdata\local\programs\python\python38\lib\codecs.py:322: in decode
    (result, consumed) = self._buffer_decode(data, self.errors, final)
E   UnicodeDecodeError: 'utf-8' codec can't decode byte 0xff in position 0: invalid start byte
__________________ ERROR collecting tests/test_output_v2.txt __________________
..\..\..\..\..\appdata\local\programs\python\python38\lib\pathlib.py:1237: in read_text
    return f.read()
..\..\..\..\..\appdata\local\programs\python\python38\lib\codecs.py:322: in decode
    (result, consumed) = self._buffer_decode(data, self.errors, final)
E   UnicodeDecodeError: 'utf-8' codec can't decode byte 0xff in position 0: invalid start byte
___________________ ERROR collecting tests/test_results.txt ___________________
..\..\..\..\..\appdata\local\programs\python\python38\lib\pathlib.py:1237: in read_text
    return f.read()
..\..\..\..\..\appdata\local\programs\python\python38\lib\codecs.py:322: in decode
    (result, consumed) = self._buffer_decode(data, self.errors, final)
E   UnicodeDecodeError: 'utf-8' codec can't decode byte 0xff in position 0: invalid start byte
________________ ERROR collecting tests/test_results_final.txt ________________
..\..\..\..\..\appdata\local\programs\python\python38\lib\pathlib.py:1237: in read_text
    return f.read()
..\..\..\..\..\appdata\local\programs\python\python38\lib\codecs.py:322: in decode
    (result, consumed) = self._buffer_decode(data, self.errors, final)
E   UnicodeDecodeError: 'utf-8' codec can't decode byte 0xff in position 0: invalid start byte
________________ ERROR collecting tests/test_results_utf8.txt _________________
..\..\..\..\..\appdata\local\programs\python\python38\lib\pathlib.py:1237: in read_text
    return f.read()
..\..\..\..\..\appdata\local\programs\python\python38\lib\codecs.py:322: in decode
    (result, consumed) = self._buffer_decode(data, self.errors, final)
E   UnicodeDecodeError: 'utf-8' codec can't decode byte 0xff in position 0: invalid start byte
________________ ERROR collecting tests/test_upload_client.py _________________
ImportError while importing test module 'C:\Users\Shuddhodhan\.gemini\antigravity\scratch\careerforge 2- Copy - Copy\careerforge\tests\test_upload_client.py'.
Hint: make sure your test modules/packages have valid Python names.
Traceback:
..\..\..\..\..\appdata\local\programs\python\python38\lib\importlib\__init__.py:127: in import_module
    return _bootstrap._gcd_import(name[level:], package, level)
tests\test_upload_client.py:1: in <module>
    from app import app, db_get_resumes
E   ImportError: cannot import name 'db_get_resumes' from 'app' (C:\Users\Shuddhodhan\.gemini\antigravity\scratch\careerforge 2- Copy - Copy\careerforge\backend\app.py)
_______________ ERROR collecting tests/test_upload_fallback.py ________________
..\..\..\..\..\appdata\local\programs\python\python38\lib\site-packages\urllib3\connection.py:199: in _new_conn
    sock = connection.create_connection(
..\..\..\..\..\appdata\local\programs\python\python38\lib\site-packages\urllib3\util\connection.py:85: in create_connection
    raise err
..\..\..\..\..\appdata\local\programs\python\python38\lib\site-packages\urllib3\util\connection.py:73: in create_connection
    sock.connect(sa)
E   ConnectionRefusedError: [WinError 10061] No connection could be made because the target machine actively refused it

The above exception was the direct cause of the following exception:
..\..\..\..\..\appdata\local\programs\python\python38\lib\site-packages\urllib3\connectionpool.py:789: in urlopen
    response = self._make_request(
..\..\..\..\..\appdata\local\programs\python\python38\lib\site-packages\urllib3\connectionpool.py:495: in _make_request
    conn.request(
..\..\..\..\..\appdata\local\programs\python\python38\lib\site-packages\urllib3\connection.py:441: in request
    self.endheaders()
..\..\..\..\..\appdata\local\programs\python\python38\lib\http\client.py:1247: in endheaders
    self._send_output(message_body, encode_chunked=encode_chunked)
..\..\..\..\..\appdata\local\programs\python\python38\lib\http\client.py:1007: in _send_output
    self.send(msg)
..\..\..\..\..\appdata\local\programs\python\python38\lib\http\client.py:947: in send
    self.connect()
..\..\..\..\..\appdata\local\programs\python\python38\lib\site-packages\urllib3\connection.py:279: in connect
    self.sock = self._new_conn()
..\..\..\..\..\appdata\local\programs\python\python38\lib\site-packages\urllib3\connection.py:214: in _new_conn
    raise NewConnectionError(
E   urllib3.exceptions.NewConnectionError: <urllib3.connection.HTTPConnection object at 0x00000235775BDA30>: Failed to establish a new connection: [WinError 10061] No connection could be made because the target machine actively refused it

The above exception was the direct cause of the following exception:
..\..\..\..\..\appdata\local\programs\python\python38\lib\site-packages\requests\adapters.py:667: in send
    resp = conn.urlopen(
..\..\..\..\..\appdata\local\programs\python\python38\lib\site-packages\urllib3\connectionpool.py:843: in urlopen
    retries = retries.increment(
..\..\..\..\..\appdata\local\programs\python\python38\lib\site-packages\urllib3\util\retry.py:519: in increment
    raise MaxRetryError(_pool, url, reason) from reason  # type: ignore[arg-type]
E   urllib3.exceptions.MaxRetryError: HTTPConnectionPool(host='127.0.0.1', port=5000): Max retries exceeded with url: /register (Caused by NewConnectionError('<urllib3.connection.HTTPConnection object at 0x00000235775BDA30>: Failed to establish a new connection: [WinError 10061] No connection could be made because the target machine actively refused it'))

During handling of the above exception, another exception occurred:
tests\test_upload_fallback.py:12: in <module>
    session.post(f"{url}/register", data={'email':email, 'password':'pass', 'role':'Student'})
..\..\..\..\..\appdata\local\programs\python\python38\lib\site-packages\requests\sessions.py:637: in post
    return self.request("POST", url, data=data, json=json, **kwargs)
..\..\..\..\..\appdata\local\programs\python\python38\lib\site-packages\requests\sessions.py:589: in request
    resp = self.send(prep, **send_kwargs)
..\..\..\..\..\appdata\local\programs\python\python38\lib\site-packages\requests\sessions.py:703: in send
    r = adapter.send(request, **kwargs)
..\..\..\..\..\appdata\local\programs\python\python38\lib\site-packages\requests\adapters.py:700: in send
    raise ConnectionError(e, request=request)
E   requests.exceptions.ConnectionError: HTTPConnectionPool(host='127.0.0.1', port=5000): Max retries exceeded with url: /register (Caused by NewConnectionError('<urllib3.connection.HTTPConnection object at 0x00000235775BDA30>: Failed to establish a new connection: [WinError 10061] No connection could be made because the target machine actively refused it'))
------------------------------- Captured stdout -------------------------------
--- TESTING STUDENT UPLOAD & DB FALLBACK ---
=========================== short test summary info ===========================
ERROR tests/test_analyzer_output.txt - UnicodeDecodeError: 'utf-8' codec can'...
ERROR tests/test_analyzer_results.txt - UnicodeDecodeError: 'utf-8' codec can...
ERROR tests/test_output.txt - UnicodeDecodeError: 'utf-8' codec can't decode ...
ERROR tests/test_output_v2.txt - UnicodeDecodeError: 'utf-8' codec can't deco...
ERROR tests/test_results.txt - UnicodeDecodeError: 'utf-8' codec can't decode...
ERROR tests/test_results_final.txt - UnicodeDecodeError: 'utf-8' codec can't ...
ERROR tests/test_results_utf8.txt - UnicodeDecodeError: 'utf-8' codec can't d...
ERROR tests/test_upload_client.py
ERROR tests/test_upload_fallback.py - requests.exceptions.ConnectionError: HT...
!!!!!!!!!!!!!!!!!!! Interrupted: 9 errors during collection !!!!!!!!!!!!!!!!!!!
============================== 9 errors in 6.27s ==============================
